============================= test session starts ==============================
platform linux -- Python 3.12.3, pytest-9.0.2, pluggy-1.6.0 -- /usr/bin/python3
cachedir: .pytest_cache
rootdir: /mnt/c/Users/user/Documents/Сайты/rag-fresh
configfile: pyproject.toml
plugins: Faker-40.1.2, anyio-4.11.0, asyncio-1.3.0, cov-7.0.0, langsmith-0.6.4
asyncio: mode=Mode.AUTO, debug=False, asyncio_default_fixture_loop_scope=None, asyncio_default_test_loop_scope=function
collecting ... collected 1 item

tests/test_debug.py::test_simple PASSED                                  [100%]

============================== 1 passed in 0.52s ===============================
